###############################################################################
#
# IAR ELF Linker V7.10.3.6832/W32 for ARM                 25/Jan/2022  23:46:41
# Copyright 2007-2014 IAR Systems AB.
#
#    Output file  =  
#        D:\Coretex_code\BLDC_test\BLDC_ESC\EWARM\BLDC_ESC\Exe\BLDC_ESC.out
#    Map file     =  
#        D:\Coretex_code\BLDC_test\BLDC_ESC\EWARM\BLDC_ESC/List\BLDC_ESC.map
#    Command line =  
#        D:\Coretex_code\BLDC_test\BLDC_ESC\EWARM\BLDC_ESC\Obj\main.o
#        D:\Coretex_code\BLDC_test\BLDC_ESC\EWARM\BLDC_ESC\Obj\startup_stm32f401xe.o
#        D:\Coretex_code\BLDC_test\BLDC_ESC\EWARM\BLDC_ESC\Obj\stm32f4xx_hal.o
#        D:\Coretex_code\BLDC_test\BLDC_ESC\EWARM\BLDC_ESC\Obj\stm32f4xx_hal_cortex.o
#        D:\Coretex_code\BLDC_test\BLDC_ESC\EWARM\BLDC_ESC\Obj\stm32f4xx_hal_dma.o
#        D:\Coretex_code\BLDC_test\BLDC_ESC\EWARM\BLDC_ESC\Obj\stm32f4xx_hal_dma_ex.o
#        D:\Coretex_code\BLDC_test\BLDC_ESC\EWARM\BLDC_ESC\Obj\stm32f4xx_hal_flash.o
#        D:\Coretex_code\BLDC_test\BLDC_ESC\EWARM\BLDC_ESC\Obj\stm32f4xx_hal_flash_ex.o
#        D:\Coretex_code\BLDC_test\BLDC_ESC\EWARM\BLDC_ESC\Obj\stm32f4xx_hal_flash_ramfunc.o
#        D:\Coretex_code\BLDC_test\BLDC_ESC\EWARM\BLDC_ESC\Obj\stm32f4xx_hal_gpio.o
#        D:\Coretex_code\BLDC_test\BLDC_ESC\EWARM\BLDC_ESC\Obj\stm32f4xx_hal_msp.o
#        D:\Coretex_code\BLDC_test\BLDC_ESC\EWARM\BLDC_ESC\Obj\stm32f4xx_hal_pwr.o
#        D:\Coretex_code\BLDC_test\BLDC_ESC\EWARM\BLDC_ESC\Obj\stm32f4xx_hal_pwr_ex.o
#        D:\Coretex_code\BLDC_test\BLDC_ESC\EWARM\BLDC_ESC\Obj\stm32f4xx_hal_rcc.o
#        D:\Coretex_code\BLDC_test\BLDC_ESC\EWARM\BLDC_ESC\Obj\stm32f4xx_hal_rcc_ex.o
#        D:\Coretex_code\BLDC_test\BLDC_ESC\EWARM\BLDC_ESC\Obj\stm32f4xx_hal_tim.o
#        D:\Coretex_code\BLDC_test\BLDC_ESC\EWARM\BLDC_ESC\Obj\stm32f4xx_hal_tim_ex.o
#        D:\Coretex_code\BLDC_test\BLDC_ESC\EWARM\BLDC_ESC\Obj\stm32f4xx_hal_uart.o
#        D:\Coretex_code\BLDC_test\BLDC_ESC\EWARM\BLDC_ESC\Obj\stm32f4xx_it.o
#        D:\Coretex_code\BLDC_test\BLDC_ESC\EWARM\BLDC_ESC\Obj\system_stm32f4xx.o
#        --redirect _Printf=_PrintfFull --redirect _Scanf=_ScanfFull -o
#        D:\Coretex_code\BLDC_test\BLDC_ESC\EWARM\BLDC_ESC\Exe\BLDC_ESC.out
#        --map
#        D:\Coretex_code\BLDC_test\BLDC_ESC\EWARM\BLDC_ESC/List\BLDC_ESC.map
#        --config
#        D:\Coretex_code\BLDC_test\BLDC_ESC\EWARM/stm32f401xe_flash.icf
#        --semihosting --entry __iar_program_start --vfe
#
###############################################################################

*******************************************************************************
*** RUNTIME MODEL ATTRIBUTES
***

CppFlavor       = *
__SystemLibrary = DLib


*******************************************************************************
*** PLACEMENT SUMMARY
***

"A1":  place at 0x08000000 { ro section .intvec };
"P1":  place in [from 0x08000000 to 0x0807ffff] { ro };
"P2":  place in [from 0x20000000 to 0x20017fff] { rw, block CSTACK, block HEAP };

  Section            Kind        Address    Size  Object
  -------            ----        -------    ----  ------
"A1":                                      0x194
  .intvec            ro code  0x08000000   0x194  startup_stm32f401xe.o [1]
                            - 0x08000194   0x194

"P1":                                     0x17d0
  .text              ro code  0x08000194   0x632  stm32f4xx_hal_tim.o [1]
  .text              ro code  0x080007c6    0x2e  copy_init3.o [5]
  .text              ro code  0x080007f4   0x13c  stm32f4xx_hal_msp.o [1]
  .text              ro code  0x08000930   0x2d4  main.o [1]
  .text              ro code  0x08000c04    0x5a  stm32f4xx_hal_tim_ex.o [1]
  .text              ro code  0x08000c5e    0x22  zero_init3.o [5]
  .text              ro code  0x08000c80    0xf6  stm32f4xx_hal_cortex.o [1]
  .text              ro code  0x08000d78   0x1ac  stm32f4xx_hal_gpio.o [1]
  .text              ro code  0x08000f24    0x88  stm32f4xx_hal.o [1]
  .text              ro code  0x08000fac   0x208  stm32f4xx_hal_uart.o [1]
  .text              ro code  0x080011b4   0x460  stm32f4xx_hal_rcc.o [1]
  .text              ro code  0x08001614    0xee  I64DivMod.o [5]
  .text              ro code  0x08001704     0x2  I64DivZer.o [5]
  .text              ro code  0x08001708    0x60  system_stm32f4xx.o [1]
  .text              ro code  0x08001768    0x28  data_init.o [5]
  .iar.init_table    const    0x08001790    0x24  - Linker created -
  .text              ro code  0x080017b4    0x1a  fpinit_M.o [4]
  .text              ro code  0x080017d0    0x1a  cmain.o [5]
  .text              ro code  0x080017ea     0x4  low_level_init.o [3]
  .text              ro code  0x080017ee     0x4  exit.o [3]
  .text              ro code  0x080017f4     0xa  cexit.o [5]
  .text              ro code  0x08001800    0x14  exit.o [6]
  .text              ro code  0x08001814    0x18  stm32f4xx_it.o [1]
  .text              ro code  0x0800182c    0x10  startup_stm32f401xe.o [1]
  .text              ro code  0x0800183c     0xc  cstartup_M.o [5]
  .rodata            const    0x08001848     0x8  system_stm32f4xx.o [1]
  .text              ro code  0x08001850     0x4  startup_stm32f401xe.o [1]
  .text              ro code  0x08001854     0x4  startup_stm32f401xe.o [1]
  .text              ro code  0x08001858     0x4  startup_stm32f401xe.o [1]
  .text              ro code  0x0800185c     0x4  startup_stm32f401xe.o [1]
  .text              ro code  0x08001860     0x4  startup_stm32f401xe.o [1]
  .text              ro code  0x08001864     0x4  startup_stm32f401xe.o [1]
  .text              ro code  0x08001868     0x4  startup_stm32f401xe.o [1]
  .text              ro code  0x0800186c     0x4  startup_stm32f401xe.o [1]
  .text              ro code  0x08001870     0x4  startup_stm32f401xe.o [1]
  .text              ro code  0x08001874     0x4  startup_stm32f401xe.o [1]
  .text              ro code  0x08001878     0x4  startup_stm32f401xe.o [1]
  .text              ro code  0x0800187c     0x4  startup_stm32f401xe.o [1]
  .text              ro code  0x08001880     0x4  startup_stm32f401xe.o [1]
  .text              ro code  0x08001884     0x4  startup_stm32f401xe.o [1]
  .text              ro code  0x08001888     0x4  startup_stm32f401xe.o [1]
  .text              ro code  0x0800188c     0x4  startup_stm32f401xe.o [1]
  .text              ro code  0x08001890     0x4  startup_stm32f401xe.o [1]
  .text              ro code  0x08001894     0x4  startup_stm32f401xe.o [1]
  .text              ro code  0x08001898     0x4  startup_stm32f401xe.o [1]
  .text              ro code  0x0800189c     0x4  startup_stm32f401xe.o [1]
  .text              ro code  0x080018a0     0x4  startup_stm32f401xe.o [1]
  .text              ro code  0x080018a4     0x4  startup_stm32f401xe.o [1]
  .text              ro code  0x080018a8     0x4  startup_stm32f401xe.o [1]
  .text              ro code  0x080018ac     0x4  startup_stm32f401xe.o [1]
  .text              ro code  0x080018b0     0x4  startup_stm32f401xe.o [1]
  .text              ro code  0x080018b4     0x4  startup_stm32f401xe.o [1]
  .text              ro code  0x080018b8     0x4  startup_stm32f401xe.o [1]
  .text              ro code  0x080018bc     0x4  startup_stm32f401xe.o [1]
  .text              ro code  0x080018c0     0x4  startup_stm32f401xe.o [1]
  .text              ro code  0x080018c4     0x4  startup_stm32f401xe.o [1]
  .text              ro code  0x080018c8     0x4  startup_stm32f401xe.o [1]
  .text              ro code  0x080018cc     0x4  startup_stm32f401xe.o [1]
  .text              ro code  0x080018d0     0x4  startup_stm32f401xe.o [1]
  .text              ro code  0x080018d4     0x4  startup_stm32f401xe.o [1]
  .text              ro code  0x080018d8     0x4  startup_stm32f401xe.o [1]
  .text              ro code  0x080018dc     0x4  startup_stm32f401xe.o [1]
  .text              ro code  0x080018e0     0x4  startup_stm32f401xe.o [1]
  .text              ro code  0x080018e4     0x4  startup_stm32f401xe.o [1]
  .text              ro code  0x080018e8     0x4  startup_stm32f401xe.o [1]
  .text              ro code  0x080018ec     0x4  startup_stm32f401xe.o [1]
  .text              ro code  0x080018f0     0x4  startup_stm32f401xe.o [1]
  .text              ro code  0x080018f4     0x4  startup_stm32f401xe.o [1]
  .text              ro code  0x080018f8     0x4  startup_stm32f401xe.o [1]
  .text              ro code  0x080018fc     0x4  startup_stm32f401xe.o [1]
  .text              ro code  0x08001900     0x4  startup_stm32f401xe.o [1]
  .text              ro code  0x08001904     0x4  startup_stm32f401xe.o [1]
  .text              ro code  0x08001908     0x4  startup_stm32f401xe.o [1]
  .text              ro code  0x0800190c     0x4  startup_stm32f401xe.o [1]
  .text              ro code  0x08001910     0x4  startup_stm32f401xe.o [1]
  .text              ro code  0x08001914     0x4  startup_stm32f401xe.o [1]
  .text              ro code  0x08001918     0x4  startup_stm32f401xe.o [1]
  .text              ro code  0x0800191c     0x4  startup_stm32f401xe.o [1]
  .text              ro code  0x08001920     0x4  startup_stm32f401xe.o [1]
  .text              ro code  0x08001924     0x4  startup_stm32f401xe.o [1]
  .text              ro code  0x08001928     0x4  startup_stm32f401xe.o [1]
  .text              ro code  0x0800192c     0x4  startup_stm32f401xe.o [1]
  .text              ro code  0x08001930     0x4  startup_stm32f401xe.o [1]
  .text              ro code  0x08001934     0x4  startup_stm32f401xe.o [1]
  .text              ro code  0x08001938     0x4  startup_stm32f401xe.o [1]
  .text              ro code  0x0800193c     0x4  startup_stm32f401xe.o [1]
  .text              ro code  0x08001940     0x4  startup_stm32f401xe.o [1]
  .text              ro code  0x08001944     0x4  startup_stm32f401xe.o [1]
  .text              ro code  0x08001948     0x4  startup_stm32f401xe.o [1]
  .rodata            const    0x0800194c     0x0  zero_init3.o [5]
  .rodata            const    0x0800194c     0x0  copy_init3.o [5]
  Initializer bytes  ro data  0x0800194c    0x18  <for P2 s0>
                            - 0x08001964  0x17d0

"P2", part 1 of 3:                          0x18
  P2 s0                       0x20000000    0x18  <Init block>
    .data            inited   0x20000000     0xc  stm32f4xx_hal.o [1]
    .data            inited   0x2000000c     0x8  main.o [1]
    .data            inited   0x20000014     0x4  system_stm32f4xx.o [1]
                            - 0x20000018    0x18

"P2", part 2 of 3:                          0xb8
  .bss               zero     0x20000018    0x40  main.o [1]
  .bss               zero     0x20000058    0x3c  main.o [1]
  .bss               zero     0x20000094    0x3c  main.o [1]
                            - 0x200000d0    0xb8

"P2", part 3 of 3:                         0x400
  CSTACK                      0x200000d0   0x400  <Block>
    CSTACK           uninit   0x200000d0   0x400  <Block tail>
                            - 0x200004d0   0x400


*******************************************************************************
*** INIT TABLE
***

          Address     Size
          -------     ----
Zero (__iar_zero_init3)
    1 destination range, total size 0xb8:
          0x20000018  0xb8

Copy (__iar_copy_init3)
    1 source range, total size 0x18:
          0x0800194c  0x18
    1 destination range, total size 0x18:
          0x20000000  0x18



*******************************************************************************
*** MODULE SUMMARY
***

    Module                  ro code  ro data  rw data
    ------                  -------  -------  -------
D:\Coretex_code\BLDC_test\BLDC_ESC\EWARM\BLDC_ESC\Obj: [1]
    main.o                      724        8      192
    startup_stm32f401xe.o       672
    stm32f4xx_hal.o             136       12       12
    stm32f4xx_hal_cortex.o      246
    stm32f4xx_hal_gpio.o        428
    stm32f4xx_hal_msp.o         316
    stm32f4xx_hal_rcc.o       1 120
    stm32f4xx_hal_tim.o       1 586
    stm32f4xx_hal_tim_ex.o       90
    stm32f4xx_hal_uart.o        520
    stm32f4xx_it.o               24
    system_stm32f4xx.o           96       12        4
    -------------------------------------------------
    Total:                    5 958       32      208

command line: [2]
    -------------------------------------------------
    Total:

dl7M_tlf.a: [3]
    exit.o                        4
    low_level_init.o              4
    -------------------------------------------------
    Total:                        8

m7M_tlv.a: [4]
    fpinit_M.o                   26
    -------------------------------------------------
    Total:                       26

rt7M_tl.a: [5]
    I64DivMod.o                 238
    I64DivZer.o                   2
    cexit.o                      10
    cmain.o                      26
    copy_init3.o                 46
    cstartup_M.o                 12
    data_init.o                  40
    zero_init3.o                 34
    -------------------------------------------------
    Total:                      408

shb_l.a: [6]
    exit.o                       20
    -------------------------------------------------
    Total:                       20

    Gaps                         12
    Linker created                        36    1 024
-----------------------------------------------------
    Grand Total:              6 432       68    1 232


*******************************************************************************
*** ENTRY LIST
***

Entry                      Address   Size  Type      Object
-----                      -------   ----  ----      ------
?main                   0x080017d1         Code  Gb  cmain.o [5]
AHBPrescTable           0x08001758   0x10  Data  Gb  system_stm32f4xx.o [1]
APBPrescTable           0x08001848    0x8  Data  Gb  system_stm32f4xx.o [1]
CSTACK$$Base            0x200000d0          --   Gb  - Linker created -
CSTACK$$Limit           0x200004d0          --   Gb  - Linker created -
HAL_GPIO_Init           0x08000d79  0x182  Code  Gb  stm32f4xx_hal_gpio.o [1]
HAL_GPIO_WritePin       0x08000efb    0x8  Code  Gb  stm32f4xx_hal_gpio.o [1]
HAL_GetTick             0x08000f9b    0x6  Code  Wk  stm32f4xx_hal.o [1]
HAL_IncTick             0x08000f8d    0xe  Code  Wk  stm32f4xx_hal.o [1]
HAL_Init                0x08000f25   0x30  Code  Gb  stm32f4xx_hal.o [1]
HAL_InitTick            0x08000f55   0x38  Code  Wk  stm32f4xx_hal.o [1]
HAL_MspInit             0x080007f5   0x60  Code  Gb  stm32f4xx_hal_msp.o [1]
HAL_NVIC_EnableIRQ      0x08000d01    0xc  Code  Gb  stm32f4xx_hal_cortex.o [1]
HAL_NVIC_SetPriority    0x08000cbf   0x42  Code  Gb  stm32f4xx_hal_cortex.o [1]
HAL_NVIC_SetPriorityGrouping
                        0x08000ca5   0x1a  Code  Gb  stm32f4xx_hal_cortex.o [1]
HAL_RCC_ClockConfig     0x08001463  0x10a  Code  Gb  stm32f4xx_hal_rcc.o [1]
HAL_RCC_GetHCLKFreq     0x080015b9    0x6  Code  Gb  stm32f4xx_hal_rcc.o [1]
HAL_RCC_GetPCLK1Freq    0x080015bf   0x10  Code  Gb  stm32f4xx_hal_rcc.o [1]
HAL_RCC_GetPCLK2Freq    0x080015cf    0xe  Code  Gb  stm32f4xx_hal_rcc.o [1]
HAL_RCC_GetSysClockFreq
                        0x0800156d   0x4c  Code  Wk  stm32f4xx_hal_rcc.o [1]
HAL_RCC_OscConfig       0x080011b5  0x2a6  Code  Wk  stm32f4xx_hal_rcc.o [1]
HAL_SYSTICK_CLKSourceConfig
                        0x08000d3d   0x14  Code  Gb  stm32f4xx_hal_cortex.o [1]
HAL_SYSTICK_Callback    0x08000d75    0x2  Code  Wk  stm32f4xx_hal_cortex.o [1]
HAL_SYSTICK_Config      0x08000d15   0x28  Code  Gb  stm32f4xx_hal_cortex.o [1]
HAL_SYSTICK_IRQHandler  0x08000d6d    0x8  Code  Gb  stm32f4xx_hal_cortex.o [1]
HAL_TIMEx_BreakCallback
                        0x08000c5d    0x2  Code  Wk  stm32f4xx_hal_tim_ex.o [1]
HAL_TIMEx_CommutationCallback
                        0x08000c5b    0x2  Code  Wk  stm32f4xx_hal_tim_ex.o [1]
HAL_TIMEx_MasterConfigSynchronization
                        0x08000c11   0x4a  Code  Gb  stm32f4xx_hal_tim_ex.o [1]
HAL_TIM_Base_Init       0x08000195   0x1a  Code  Gb  stm32f4xx_hal_tim.o [1]
HAL_TIM_Base_MspInit    0x08000855   0x54  Code  Gb  stm32f4xx_hal_msp.o [1]
HAL_TIM_Base_Start_IT   0x080001af   0x16  Code  Gb  stm32f4xx_hal_tim.o [1]
HAL_TIM_ConfigClockSource
                        0x080004a1   0xb4  Code  Gb  stm32f4xx_hal_tim.o [1]
HAL_TIM_IC_CaptureCallback
                        0x08000577    0x2  Code  Wk  stm32f4xx_hal_tim.o [1]
HAL_TIM_IRQHandler      0x08000285  0x14a  Code  Gb  stm32f4xx_hal_tim.o [1]
HAL_TIM_MspPostInit     0x080008a9   0x2c  Code  Gb  stm32f4xx_hal_msp.o [1]
HAL_TIM_OC_DelayElapsedCallback
                        0x08000575    0x2  Code  Wk  stm32f4xx_hal_tim.o [1]
HAL_TIM_PWM_ConfigChannel
                        0x080003cf   0xd2  Code  Gb  stm32f4xx_hal_tim.o [1]
HAL_TIM_PWM_Init        0x080001dd   0x1a  Code  Gb  stm32f4xx_hal_tim.o [1]
HAL_TIM_PWM_MspInit     0x080001f7    0x2  Code  Wk  stm32f4xx_hal_tim.o [1]
HAL_TIM_PWM_PulseFinishedCallback
                        0x08000579    0x2  Code  Wk  stm32f4xx_hal_tim.o [1]
HAL_TIM_PWM_Start       0x080001f9    0x8  Code  Gb  stm32f4xx_hal_tim.o [1]
HAL_TIM_PeriodElapsedCallback
                        0x08000931   0x52  Code  Gb  main.o [1]
HAL_TIM_TriggerCallback
                        0x0800057b    0x2  Code  Wk  stm32f4xx_hal_tim.o [1]
HAL_UART_Init           0x08000fad   0x30  Code  Gb  stm32f4xx_hal_uart.o [1]
HAL_UART_MspInit        0x080008d5   0x44  Code  Gb  stm32f4xx_hal_msp.o [1]
MX_TIM1_Init            0x08000b09   0x46  Code  Lc  main.o [1]
MX_TIM4_Init            0x08000b4f   0x72  Code  Lc  main.o [1]
NVIC_GetPriorityGrouping
                        0x08000c81    0xa  Code  Lc  stm32f4xx_hal_cortex.o [1]
NVIC_SetPriority        0x08000c8b   0x1a  Code  Lc  stm32f4xx_hal_cortex.o [1]
Region$$Table$$Base     0x08001790          --   Gb  - Linker created -
Region$$Table$$Limit    0x080017b4          --   Gb  - Linker created -
SysTick_Handler         0x08001815    0xe  Code  Gb  stm32f4xx_it.o [1]
SystemClock_Config      0x08000a59   0xb0  Code  Gb  main.o [1]
SystemCoreClock         0x20000014    0x4  Data  Gb  system_stm32f4xx.o [1]
SystemInit              0x08001709   0x3a  Code  Gb  system_stm32f4xx.o [1]
TIM1_UP_TIM10_IRQHandler
                        0x08001823    0x6  Code  Gb  stm32f4xx_it.o [1]
TIM_Base_SetConfig      0x0800057d   0x72  Code  Gb  stm32f4xx_hal_tim.o [1]
TIM_CCxChannelCmd       0x08000643   0x18  Code  Gb  stm32f4xx_hal_tim.o [1]
TIM_ETR_SetConfig       0x080007b3   0x14  Code  Lc  stm32f4xx_hal_tim.o [1]
TIM_ITRx_SetConfig      0x080007a3   0x10  Code  Lc  stm32f4xx_hal_tim.o [1]
TIM_OC1_SetConfig       0x0800065b   0x4a  Code  Lc  stm32f4xx_hal_tim.o [1]
TIM_OC2_SetConfig       0x080005ef   0x52  Code  Gb  stm32f4xx_hal_tim.o [1]
TIM_OC3_SetConfig       0x080006a5   0x50  Code  Lc  stm32f4xx_hal_tim.o [1]
TIM_OC4_SetConfig       0x080006f5   0x40  Code  Lc  stm32f4xx_hal_tim.o [1]
TIM_TI1_ConfigInputStage
                        0x0800075d   0x22  Code  Lc  stm32f4xx_hal_tim.o [1]
TIM_TI2_ConfigInputStage
                        0x0800077f   0x24  Code  Lc  stm32f4xx_hal_tim.o [1]
UART_SetConfig          0x08001019  0x18e  Code  Lc  stm32f4xx_hal_uart.o [1]
__aeabi_ldiv0           0x08001705         Code  Gb  I64DivZer.o [5]
__aeabi_uldivmod        0x08001615         Code  Gb  I64DivMod.o [5]
__cmain                 0x080017d1         Code  Gb  cmain.o [5]
__exit                  0x08001801   0x14  Code  Gb  exit.o [6]
__iar_copy_init3        0x080007c7   0x2e  Code  Gb  copy_init3.o [5]
__iar_data_init3        0x08001769   0x28  Code  Gb  data_init.o [5]
__iar_init_vfp          0x080017b5         Code  Gb  fpinit_M.o [4]
__iar_program_start     0x0800183d         Code  Gb  cstartup_M.o [5]
__iar_zero_init3        0x08000c5f   0x22  Code  Gb  zero_init3.o [5]
__low_level_init        0x080017eb    0x4  Code  Gb  low_level_init.o [3]
__vector_table          0x08000000         Data  Gb  startup_stm32f401xe.o [1]
_call_main              0x080017dd         Code  Gb  cmain.o [5]
_exit                   0x080017f5         Code  Gb  cexit.o [5]
_main                   0x080017e7         Code  Gb  cmain.o [5]
ccr_1                   0x2000000e    0x2  Data  Gb  main.o [1]
cnt                     0x20000010    0x2  Data  Gb  main.o [1]
cnt_rate                0x20000012    0x2  Data  Gb  main.o [1]
exit                    0x080017ef    0x4  Code  Gb  exit.o [3]
flag                    0x2000000d    0x1  Data  Gb  main.o [1]
htim1                   0x20000058   0x3c  Data  Gb  main.o [1]
htim4                   0x20000094   0x3c  Data  Gb  main.o [1]
huart2                  0x20000018   0x40  Data  Gb  main.o [1]
main                    0x08000983   0xca  Code  Gb  main.o [1]
start                   0x2000000c    0x1  Data  Gb  main.o [1]
uwTick                  0x20000004    0x4  Data  Gb  stm32f4xx_hal.o [1]
uwTickFreq              0x20000000    0x1  Data  Gb  stm32f4xx_hal.o [1]
uwTickPrio              0x20000008    0x4  Data  Gb  stm32f4xx_hal.o [1]


[1] = D:\Coretex_code\BLDC_test\BLDC_ESC\EWARM\BLDC_ESC\Obj
[2] = command line
[3] = dl7M_tlf.a
[4] = m7M_tlv.a
[5] = rt7M_tl.a
[6] = shb_l.a

  6 432 bytes of readonly  code memory
     68 bytes of readonly  data memory
  1 232 bytes of readwrite data memory

Errors: none
Warnings: none
